// Vitest Snapshot v1, https://vitest.dev/guide/snapshot.html

exports[`dicom public API: FATAL_CODES surface is stable > the sorted set of Tier-3 fatal codes matches the locked snapshot 1`] = `
[
  "EMPTY_INPUT",
  "INVALID_FILE_META",
  "NOT_DICOM_PART_10",
  "UNSUPPORTED_TRANSFER_SYNTAX",
]
`;

exports[`dicom public API: WARNING_CODES surface is stable > the sorted set of Tier-2 warning codes matches the locked snapshot 1`] = `
[
  "DICOM_BOM_IN_TEXT_VR",
  "DICOM_BURNED_IN_ANNOTATION_NOT_REMOVED",
  "DICOM_CHARSET_AMBIGUOUS_SEPARATOR",
  "DICOM_DA_LEGACY_FORMAT",
  "DICOM_DT_NONSTANDARD_OFFSET",
  "DICOM_EMPTY_ITEM_IN_SEQUENCE",
  "DICOM_FILE_META_GROUP_LENGTH_MISMATCH",
  "DICOM_FILE_META_GROUP_LENGTH_MISSING",
  "DICOM_GROUP_LENGTH_IN_DATASET",
  "DICOM_IMPLICIT_VR_FOR_PRIVATE_TAG_WITHOUT_VR",
  "DICOM_IS_NONINTEGER_VALUE",
  "DICOM_MISSING_PREAMBLE",
  "DICOM_NONZERO_RESERVED_BYTES",
  "DICOM_NON_ASCII_IN_ASCII_VR",
  "DICOM_ODD_LENGTH_VALUE_PADDED",
  "DICOM_PIXEL_DATA_LENGTH_MISMATCH",
  "DICOM_PRIVATE_CREATOR_UNKNOWN",
  "DICOM_PRIVATE_TAG_NO_CREATOR",
  "DICOM_TRAILING_NULL_IN_TEXT_VR",
  "DICOM_UI_TRAILING_SPACE",
  "DICOM_UNDEFINED_LENGTH_IN_EXPLICIT_VR",
  "DICOM_UNSUPPORTED_CHARSET",
  "DICOM_UN_PARSED_AS_SQ",
  "DICOM_VR_MISMATCH",
]
`;
